resources/js/composables/useTwoFactorAuth.ts(1,50): error TS2307: Cannot find module '@/routes/two-factor' or its corresponding type declarations.
resources/js/lib/utils.ts(1,34): error TS2307: Cannot find module '@inertiajs/vue3' or its corresponding type declarations.
resources/js/Pages/Admin/Maintenance/Index.vue(36,5): error TS2353: Object literal may only specify known properties, and 'next_due_mileage' does not exist in type '{ id?: number | undefined; created_at?: string | undefined; updated_at?: string | undefined; car_id: number; maintenance_type: "OIL_CHANGE" | "BRAKE_SERVICE" | "REPAIR" | "ROUTINE_CHECK"; ... 4 more ...; provider?: string | ... 1 more ... | undefined; }'.
resources/js/Pages/Admin/Maintenance/Index.vue(85,9): error TS2353: Object literal may only specify known properties, and 'next_due_mileage' does not exist in type '{ id?: number | undefined; created_at?: string | undefined; updated_at?: string | undefined; car_id: number; maintenance_type: "OIL_CHANGE" | "BRAKE_SERVICE" | "REPAIR" | "ROUTINE_CHECK"; ... 4 more ...; provider?: string | ... 1 more ... | undefined; } | { ...; }'.
resources/js/Pages/Admin/Maintenance/Index.vue(101,9): error TS2353: Object literal may only specify known properties, and 'next_due_mileage' does not exist in type '{ id?: number | undefined; created_at?: string | undefined; updated_at?: string | undefined; car_id: number; maintenance_type: "OIL_CHANGE" | "BRAKE_SERVICE" | "REPAIR" | "ROUTINE_CHECK"; ... 4 more ...; provider?: string | ... 1 more ... | undefined; } | { ...; }'.
resources/js/Pages/Admin/Maintenance/Index.vue(413,66): error TS2339: Property 'next_due_mileage' does not exist on type '{ id?: number | undefined; created_at?: string | undefined; updated_at?: string | undefined; car_id: number; maintenance_type: "OIL_CHANGE" | "BRAKE_SERVICE" | "REPAIR" | "ROUTINE_CHECK"; ... 4 more ...; provider?: string | ... 1 more ... | undefined; }'.
resources/js/Pages/Admin/Reservations/Edit.vue(115,13): error TS18048: 'reservation.value.duration_days' is possibly 'undefined'.
resources/js/Pages/Client/Reservations/Show.vue(28,41): error TS2339: Property 'make' does not exist on type '{ id: number; brand: CarBrand; model: string; plate_number: string; status: CarStatus; image_url?: string | undefined; mileage?: number | null | undefined; auto_manage_status?: boolean | undefined; created_at: string; }'.
resources/js/Pages/Client/Reservations/Show.vue(46,102): error TS2339: Property 'total_amount' does not exist on type '{ id: number; reservation_number: string; user_id: string | null; client_name: string; client_cin: string; client_phone: string; client_email: string | null; car_id: number; start_date: string; ... 10 more ...; car?: { ...; } | undefined; }'.
resources/js/ssr.ts(1,34): error TS2307: Cannot find module '@inertiajs/vue3' or its corresponding type declarations.
resources/js/ssr.ts(2,26): error TS2307: Cannot find module '@inertiajs/vue3/server' or its corresponding type declarations.
resources/js/ssr.ts(3,38): error TS2307: Cannot find module 'laravel-vite-plugin/inertia-helpers' or its corresponding type declarations.
resources/js/ssr.ts(10,6): error TS7006: Parameter 'page' implicitly has an 'any' type.
resources/js/ssr.ts(14,21): error TS7006: Parameter 'title' implicitly has an 'any' type.
resources/js/ssr.ts(15,23): error TS7006: Parameter 'name' implicitly has an 'any' type.
resources/js/ssr.ts(20,23): error TS7031: Binding element 'App' implicitly has an 'any' type.
resources/js/ssr.ts(20,28): error TS7031: Binding element 'props' implicitly has an 'any' type.
resources/js/ssr.ts(20,35): error TS7031: Binding element 'plugin' implicitly has an 'any' type.
